pandoc: Ticker: poll failed: Interrupted system call: Interrupted system call
pandoc: Ticker: poll failed: Interrupted system call: Interrupted system call
pandoc: Ticker: poll failed: Interrupted system call: Interrupted system call
pandoc: Ticker: poll failed: Interrupted system call: Interrupted system call
[WARNING] [makePDF] LaTeX Warning: Hyper reference `rule-OEWWSimplification' on
  page 11 undefined on input line 1512.
[WARNING] [makePDF] LaTeX Warning: Hyper reference `rule-OEAuBrightening' on
  page 11 undefined on input line 1513.
[WARNING] [makePDF] LaTeX Warning: Hyper reference `rule-OEDiphthongLeveling' on
  page 11 undefined on input line 1514.
[WARNING] [makePDF] LaTeX Warning: Hyper reference
  `rule-PWGmcCoronalWAssimilation' on page 16 undefined on
  input line 2261.
[WARNING] [makePDF] LaTeX Warning: Hyper reference `rule-OEWWSimplification' on
  page 16 undefined on input line 2262.
[WARNING] [makePDF] LaTeX Warning: Hyper reference `rule-OEDiphthongLeveling' on
  page 16 undefined on input line 2264.
[WARNING] [makePDF] LaTeX Warning: Hyper reference `rule-OEWWSimplification' on
  page 27 undefined on input line 3590.
[WARNING] [makePDF] LaTeX Warning: Hyper reference `rule-OEAuBrightening' on
  page 27 undefined on input line 3591.
[WARNING] [makePDF] LaTeX Warning: Hyper reference `rule-OEDiphthongLeveling' on
  page 27 undefined on input line 3592.
[WARNING] [makePDF] LaTeX Warning: Hyper reference `rule-OEWWSimplification' on
  page 53 undefined on input line 7284.
[WARNING] [makePDF] LaTeX Warning: Hyper reference
  `rule-PWGmcUnstressedWordFinalIApocope' on page 53 undefined
  on input line 7287.
[WARNING] [makePDF] LaTeX Warning: Hyper reference `rule-OEBreaking' on page 56
  undefined on input line 7630.
[WARNING] [makePDF] LaTeX Warning: Hyper reference `rule-OEEwLongDiphthong' on
  page 57 undefined on input line 7638.
[WARNING] [makePDF] LaTeX Warning: Hyper reference `rule-OEJGlideIO' on page 57
  undefined on input line 7640.
[WARNING] [makePDF] LaTeX Warning: Hyper reference `rule-OEDiphthongLeveling' on
  page 57 undefined on input line 7641.
[WARNING] [makePDF] LaTeX Warning: Hyper reference `rule-OEJWWSimplification' on
  page 57 undefined on input line 7642.
[WARNING] [makePDF] LaTeX Warning: Hyper reference `rule-PWGmcJGemination' on
  page 57 undefined on input line 7664.
[WARNING] [makePDF] LaTeX Warning: Hyper reference `rule-OEAwwjResolution' on
  page 57 undefined on input line 7665.
[WARNING] [makePDF] LaTeX Warning: Hyper reference `rule-OEBreaking' on page 113
  undefined on input line 14318.
[WARNING] [makePDF] LaTeX Warning: Hyper reference `rule-OEEwLongDiphthong' on
  page 113 undefined on input line 14319.
[WARNING] [makePDF] LaTeX Warning: There were undefined references.
